// Jest Snapshot v1, https://goo.gl/fbAQLP

exports[`createElement should return a vnode 1`] = `
Object {
  "_children": null,
  "_component": null,
  "_depth": 0,
  "_dimensions": null,
  "_matrix": Float32Array [
    0,
    0,
    0,
    0,
    0,
    0,
  ],
  "_parent": null,
  "_position": null,
  "props": Object {
    "children": Array [],
    "foo": "bar",
  },
  "type": "rectangle",
}
`;
